// Validating benchmarks:
// ***** BenchmarkRunner: Start   *****
// ***** Found 4 benchmark(s) in total *****
// ***** Building 1 exe(s) in Parallel: Start   *****
// start dotnet  restore /p:UseSharedCompilation=false /p:BuildInParallel=false /m:1 /p:Deterministic=true /p:Optimize=true /p:IntermediateOutputPath="C:\Users\victo\Git\IV\Benchmark\src\Benchmark.Cli\bin\Release\net9.0\28c70f5c-abbd-44df-ba47-15bb395fb369\obj\Release\net9.0/" /p:OutDir="C:\Users\victo\Git\IV\Benchmark\src\Benchmark.Cli\bin\Release\net9.0\28c70f5c-abbd-44df-ba47-15bb395fb369\bin\Release\net9.0/" /p:OutputPath="C:\Users\victo\Git\IV\Benchmark\src\Benchmark.Cli\bin\Release\net9.0\28c70f5c-abbd-44df-ba47-15bb395fb369\bin\Release\net9.0/" in C:\Users\victo\Git\IV\Benchmark\src\Benchmark.Cli\bin\Release\net9.0\28c70f5c-abbd-44df-ba47-15bb395fb369
// command took 1.25 sec and exited with 0
// start dotnet  build -c Release --no-restore /p:UseSharedCompilation=false /p:BuildInParallel=false /m:1 /p:Deterministic=true /p:Optimize=true /p:IntermediateOutputPath="C:\Users\victo\Git\IV\Benchmark\src\Benchmark.Cli\bin\Release\net9.0\28c70f5c-abbd-44df-ba47-15bb395fb369\obj\Release\net9.0/" /p:OutDir="C:\Users\victo\Git\IV\Benchmark\src\Benchmark.Cli\bin\Release\net9.0\28c70f5c-abbd-44df-ba47-15bb395fb369\bin\Release\net9.0/" /p:OutputPath="C:\Users\victo\Git\IV\Benchmark\src\Benchmark.Cli\bin\Release\net9.0\28c70f5c-abbd-44df-ba47-15bb395fb369\bin\Release\net9.0/" --output "C:\Users\victo\Git\IV\Benchmark\src\Benchmark.Cli\bin\Release\net9.0\28c70f5c-abbd-44df-ba47-15bb395fb369\bin\Release\net9.0/" in C:\Users\victo\Git\IV\Benchmark\src\Benchmark.Cli\bin\Release\net9.0\28c70f5c-abbd-44df-ba47-15bb395fb369
// command took 7.47 sec and exited with 0
// ***** Done, took 00:00:08 (8.78 sec)   *****
// Found 4 benchmarks:
//   SortingBenchmarks.ArraySort: ShortRun(IterationCount=3, LaunchCount=1, WarmupCount=3) [N=10000]
//   SortingBenchmarks.QuickSort: ShortRun(IterationCount=3, LaunchCount=1, WarmupCount=3) [N=10000]
//   SortingBenchmarks.ArraySort: ShortRun(IterationCount=3, LaunchCount=1, WarmupCount=3) [N=100000]
//   SortingBenchmarks.QuickSort: ShortRun(IterationCount=3, LaunchCount=1, WarmupCount=3) [N=100000]

Setup power plan (GUID: 8c5e7fda-e8bf-4a96-9a85-a6e23a8c635c FriendlyName: High performance)
// **************************
// Benchmark: SortingBenchmarks.ArraySort: ShortRun(IterationCount=3, LaunchCount=1, WarmupCount=3) [N=10000]
// *** Execute ***
// Launch: 1 / 1
// Execute: dotnet 28c70f5c-abbd-44df-ba47-15bb395fb369.dll --anonymousPipes 1236 1476 --benchmarkName "Benchmark.UseCases.Algorithms.Sorting.SortingBenchmarks.ArraySort(N: 10000)" --job ShortRun --benchmarkId 0 in C:\Users\victo\Git\IV\Benchmark\src\Benchmark.Cli\bin\Release\net9.0\28c70f5c-abbd-44df-ba47-15bb395fb369\bin\Release\net9.0
// BeforeAnythingElse

// Benchmark Process Environment Information:
// BenchmarkDotNet v0.14.0
// Runtime=.NET 9.0.14 (9.0.1426.11910), X64 RyuJIT AVX2
// GC=Concurrent Workstation
// HardwareIntrinsics=AVX2,AES,BMI1,BMI2,FMA,LZCNT,PCLMUL,POPCNT VectorSize=256
// Job: ShortRun(IterationCount=3, LaunchCount=1, WarmupCount=3)

OverheadJitting  1: 1 op, 236000.00 ns, 236.0000 us/op
WorkloadJitting  1: 1 op, 674000.00 ns, 674.0000 us/op

OverheadJitting  2: 16 op, 442700.00 ns, 27.6688 us/op
WorkloadJitting  2: 16 op, 6540600.00 ns, 408.7875 us/op

WorkloadPilot    1: 16 op, 6080200.00 ns, 380.0125 us/op
WorkloadPilot    2: 32 op, 12294300.00 ns, 384.1969 us/op
WorkloadPilot    3: 64 op, 24417400.00 ns, 381.5219 us/op
WorkloadPilot    4: 128 op, 48724400.00 ns, 380.6594 us/op
WorkloadPilot    5: 256 op, 95945400.00 ns, 374.7867 us/op
WorkloadPilot    6: 512 op, 186583600.00 ns, 364.4211 us/op
WorkloadPilot    7: 1024 op, 369255600.00 ns, 360.6012 us/op
WorkloadPilot    8: 2048 op, 742069600.00 ns, 362.3387 us/op

OverheadWarmup   1: 2048 op, 7300.00 ns, 3.5645 ns/op
OverheadWarmup   2: 2048 op, 7100.00 ns, 3.4668 ns/op
OverheadWarmup   3: 2048 op, 6700.00 ns, 3.2715 ns/op
OverheadWarmup   4: 2048 op, 6600.00 ns, 3.2227 ns/op
OverheadWarmup   5: 2048 op, 6700.00 ns, 3.2715 ns/op
OverheadWarmup   6: 2048 op, 6700.00 ns, 3.2715 ns/op
OverheadWarmup   7: 2048 op, 6700.00 ns, 3.2715 ns/op
OverheadWarmup   8: 2048 op, 6600.00 ns, 3.2227 ns/op

OverheadActual   1: 2048 op, 6600.00 ns, 3.2227 ns/op
OverheadActual   2: 2048 op, 6800.00 ns, 3.3203 ns/op
OverheadActual   3: 2048 op, 6700.00 ns, 3.2715 ns/op
OverheadActual   4: 2048 op, 6700.00 ns, 3.2715 ns/op
OverheadActual   5: 2048 op, 6700.00 ns, 3.2715 ns/op
OverheadActual   6: 2048 op, 6600.00 ns, 3.2227 ns/op
OverheadActual   7: 2048 op, 6700.00 ns, 3.2715 ns/op
OverheadActual   8: 2048 op, 6600.00 ns, 3.2227 ns/op
OverheadActual   9: 2048 op, 6500.00 ns, 3.1738 ns/op
OverheadActual  10: 2048 op, 6600.00 ns, 3.2227 ns/op
OverheadActual  11: 2048 op, 6700.00 ns, 3.2715 ns/op
OverheadActual  12: 2048 op, 6700.00 ns, 3.2715 ns/op
OverheadActual  13: 2048 op, 6500.00 ns, 3.1738 ns/op
OverheadActual  14: 2048 op, 6700.00 ns, 3.2715 ns/op
OverheadActual  15: 2048 op, 6600.00 ns, 3.2227 ns/op

WorkloadWarmup   1: 2048 op, 740841200.00 ns, 361.7389 us/op
WorkloadWarmup   2: 2048 op, 743689200.00 ns, 363.1295 us/op
WorkloadWarmup   3: 2048 op, 742971300.00 ns, 362.7790 us/op

// BeforeActualRun
WorkloadActual   1: 2048 op, 745010600.00 ns, 363.7747 us/op
WorkloadActual   2: 2048 op, 752837700.00 ns, 367.5965 us/op
WorkloadActual   3: 2048 op, 808580000.00 ns, 394.8145 us/op

// AfterActualRun
WorkloadResult   1: 2048 op, 745003900.00 ns, 363.7714 us/op
WorkloadResult   2: 2048 op, 752831000.00 ns, 367.5933 us/op
WorkloadResult   3: 2048 op, 808573300.00 ns, 394.8112 us/op
// GC:  12 0 0 81969552 2048
// Threading:  0 0 2048

// AfterAll
// Benchmark Process 28448 has exited with code 0.

Mean = 375.392 μs, StdErr = 9.772 μs (2.60%), N = 3, StdDev = 16.926 μs
Min = 363.771 μs, Q1 = 365.682 μs, Median = 367.593 μs, Q3 = 381.202 μs, Max = 394.811 μs
IQR = 15.520 μs, LowerFence = 342.403 μs, UpperFence = 404.482 μs
ConfidenceInterval = [66.603 μs; 684.181 μs] (CI 99.9%), Margin = 308.789 μs (82.26% of Mean)
Skewness = 0.36, Kurtosis = 0.67, MValue = 2

// ** Remained 3 (75.0%) benchmark(s) to run. Estimated finish 2026-06-05 18:28 (0h 0m from now) **
Setup power plan (GUID: 8c5e7fda-e8bf-4a96-9a85-a6e23a8c635c FriendlyName: High performance)
// **************************
// Benchmark: SortingBenchmarks.QuickSort: ShortRun(IterationCount=3, LaunchCount=1, WarmupCount=3) [N=10000]
// *** Execute ***
// Launch: 1 / 1
// Execute: dotnet 28c70f5c-abbd-44df-ba47-15bb395fb369.dll --anonymousPipes 1308 1252 --benchmarkName "Benchmark.UseCases.Algorithms.Sorting.SortingBenchmarks.QuickSort(N: 10000)" --job ShortRun --benchmarkId 1 in C:\Users\victo\Git\IV\Benchmark\src\Benchmark.Cli\bin\Release\net9.0\28c70f5c-abbd-44df-ba47-15bb395fb369\bin\Release\net9.0
// BeforeAnythingElse

// Benchmark Process Environment Information:
// BenchmarkDotNet v0.14.0
// Runtime=.NET 9.0.14 (9.0.1426.11910), X64 RyuJIT AVX2
// GC=Concurrent Workstation
// HardwareIntrinsics=AVX2,AES,BMI1,BMI2,FMA,LZCNT,PCLMUL,POPCNT VectorSize=256
// Job: ShortRun(IterationCount=3, LaunchCount=1, WarmupCount=3)

OverheadJitting  1: 1 op, 229400.00 ns, 229.4000 us/op
WorkloadJitting  1: 1 op, 1982500.00 ns, 1.9825 ms/op

OverheadJitting  2: 16 op, 403800.00 ns, 25.2375 us/op
WorkloadJitting  2: 16 op, 18816500.00 ns, 1.1760 ms/op

WorkloadPilot    1: 16 op, 17234300.00 ns, 1.0771 ms/op
WorkloadPilot    2: 32 op, 34156500.00 ns, 1.0674 ms/op
WorkloadPilot    3: 64 op, 67971800.00 ns, 1.0621 ms/op
WorkloadPilot    4: 128 op, 112109900.00 ns, 875.8586 us/op
WorkloadPilot    5: 256 op, 108069800.00 ns, 422.1477 us/op
WorkloadPilot    6: 512 op, 216547200.00 ns, 422.9438 us/op
WorkloadPilot    7: 1024 op, 431518600.00 ns, 421.4049 us/op
WorkloadPilot    8: 2048 op, 860151000.00 ns, 419.9956 us/op

OverheadWarmup   1: 2048 op, 7500.00 ns, 3.6621 ns/op
OverheadWarmup   2: 2048 op, 6600.00 ns, 3.2227 ns/op
OverheadWarmup   3: 2048 op, 6600.00 ns, 3.2227 ns/op
OverheadWarmup   4: 2048 op, 6600.00 ns, 3.2227 ns/op
OverheadWarmup   5: 2048 op, 6600.00 ns, 3.2227 ns/op
OverheadWarmup   6: 2048 op, 6400.00 ns, 3.1250 ns/op

OverheadActual   1: 2048 op, 6600.00 ns, 3.2227 ns/op
OverheadActual   2: 2048 op, 7200.00 ns, 3.5156 ns/op
OverheadActual   3: 2048 op, 6800.00 ns, 3.3203 ns/op
OverheadActual   4: 2048 op, 6600.00 ns, 3.2227 ns/op
OverheadActual   5: 2048 op, 6800.00 ns, 3.3203 ns/op
OverheadActual   6: 2048 op, 6600.00 ns, 3.2227 ns/op
OverheadActual   7: 2048 op, 6800.00 ns, 3.3203 ns/op
OverheadActual   8: 2048 op, 6600.00 ns, 3.2227 ns/op
OverheadActual   9: 2048 op, 6600.00 ns, 3.2227 ns/op
OverheadActual  10: 2048 op, 6500.00 ns, 3.1738 ns/op
OverheadActual  11: 2048 op, 6500.00 ns, 3.1738 ns/op
OverheadActual  12: 2048 op, 6600.00 ns, 3.2227 ns/op
OverheadActual  13: 2048 op, 6600.00 ns, 3.2227 ns/op
OverheadActual  14: 2048 op, 6500.00 ns, 3.1738 ns/op
OverheadActual  15: 2048 op, 6600.00 ns, 3.2227 ns/op

WorkloadWarmup   1: 2048 op, 856956000.00 ns, 418.4355 us/op
WorkloadWarmup   2: 2048 op, 898452700.00 ns, 438.6976 us/op
WorkloadWarmup   3: 2048 op, 910041300.00 ns, 444.3561 us/op

// BeforeActualRun
WorkloadActual   1: 2048 op, 866577900.00 ns, 423.1337 us/op
WorkloadActual   2: 2048 op, 857633900.00 ns, 418.7666 us/op
WorkloadActual   3: 2048 op, 862205600.00 ns, 420.9988 us/op

// AfterActualRun
WorkloadResult   1: 2048 op, 866571300.00 ns, 423.1305 us/op
WorkloadResult   2: 2048 op, 857627300.00 ns, 418.7633 us/op
WorkloadResult   3: 2048 op, 862199000.00 ns, 420.9956 us/op
// GC:  12 0 0 81969552 2048
// Threading:  0 0 2048

// AfterAll
// Benchmark Process 22336 has exited with code 0.

Mean = 420.963 μs, StdErr = 1.261 μs (0.30%), N = 3, StdDev = 2.184 μs
Min = 418.763 μs, Q1 = 419.879 μs, Median = 420.996 μs, Q3 = 422.063 μs, Max = 423.131 μs
IQR = 2.184 μs, LowerFence = 416.604 μs, UpperFence = 425.338 μs
ConfidenceInterval = [381.123 μs; 460.803 μs] (CI 99.9%), Margin = 39.840 μs (9.46% of Mean)
Skewness = -0.01, Kurtosis = 0.67, MValue = 2

// ** Remained 2 (50.0%) benchmark(s) to run. Estimated finish 2026-06-05 18:28 (0h 0m from now) **
Setup power plan (GUID: 8c5e7fda-e8bf-4a96-9a85-a6e23a8c635c FriendlyName: High performance)
// **************************
// Benchmark: SortingBenchmarks.ArraySort: ShortRun(IterationCount=3, LaunchCount=1, WarmupCount=3) [N=100000]
// *** Execute ***
// Launch: 1 / 1
// Execute: dotnet 28c70f5c-abbd-44df-ba47-15bb395fb369.dll --anonymousPipes 1460 1512 --benchmarkName "Benchmark.UseCases.Algorithms.Sorting.SortingBenchmarks.ArraySort(N: 100000)" --job ShortRun --benchmarkId 2 in C:\Users\victo\Git\IV\Benchmark\src\Benchmark.Cli\bin\Release\net9.0\28c70f5c-abbd-44df-ba47-15bb395fb369\bin\Release\net9.0
// BeforeAnythingElse

// Benchmark Process Environment Information:
// BenchmarkDotNet v0.14.0
// Runtime=.NET 9.0.14 (9.0.1426.11910), X64 RyuJIT AVX2
// GC=Concurrent Workstation
// HardwareIntrinsics=AVX2,AES,BMI1,BMI2,FMA,LZCNT,PCLMUL,POPCNT VectorSize=256
// Job: ShortRun(IterationCount=3, LaunchCount=1, WarmupCount=3)

OverheadJitting  1: 1 op, 233300.00 ns, 233.3000 us/op
WorkloadJitting  1: 1 op, 5086300.00 ns, 5.0863 ms/op

OverheadJitting  2: 16 op, 482700.00 ns, 30.1688 us/op
WorkloadJitting  2: 16 op, 77512700.00 ns, 4.8445 ms/op

WorkloadPilot    1: 16 op, 76974000.00 ns, 4.8109 ms/op
WorkloadPilot    2: 32 op, 153328500.00 ns, 4.7915 ms/op
WorkloadPilot    3: 64 op, 297493100.00 ns, 4.6483 ms/op
WorkloadPilot    4: 128 op, 591987600.00 ns, 4.6249 ms/op

OverheadWarmup   1: 128 op, 1600.00 ns, 12.5000 ns/op
OverheadWarmup   2: 128 op, 800.00 ns, 6.2500 ns/op
OverheadWarmup   3: 128 op, 800.00 ns, 6.2500 ns/op
OverheadWarmup   4: 128 op, 700.00 ns, 5.4688 ns/op
OverheadWarmup   5: 128 op, 800.00 ns, 6.2500 ns/op
OverheadWarmup   6: 128 op, 800.00 ns, 6.2500 ns/op

OverheadActual   1: 128 op, 800.00 ns, 6.2500 ns/op
OverheadActual   2: 128 op, 1000.00 ns, 7.8125 ns/op
OverheadActual   3: 128 op, 900.00 ns, 7.0313 ns/op
OverheadActual   4: 128 op, 900.00 ns, 7.0313 ns/op
OverheadActual   5: 128 op, 1000.00 ns, 7.8125 ns/op
OverheadActual   6: 128 op, 900.00 ns, 7.0313 ns/op
OverheadActual   7: 128 op, 800.00 ns, 6.2500 ns/op
OverheadActual   8: 128 op, 800.00 ns, 6.2500 ns/op
OverheadActual   9: 128 op, 700.00 ns, 5.4688 ns/op
OverheadActual  10: 128 op, 800.00 ns, 6.2500 ns/op
OverheadActual  11: 128 op, 800.00 ns, 6.2500 ns/op
OverheadActual  12: 128 op, 800.00 ns, 6.2500 ns/op
OverheadActual  13: 128 op, 800.00 ns, 6.2500 ns/op
OverheadActual  14: 128 op, 900.00 ns, 7.0313 ns/op
OverheadActual  15: 128 op, 1300.00 ns, 10.1563 ns/op
OverheadActual  16: 128 op, 800.00 ns, 6.2500 ns/op
OverheadActual  17: 128 op, 900.00 ns, 7.0313 ns/op
OverheadActual  18: 128 op, 800.00 ns, 6.2500 ns/op
OverheadActual  19: 128 op, 800.00 ns, 6.2500 ns/op
OverheadActual  20: 128 op, 800.00 ns, 6.2500 ns/op

WorkloadWarmup   1: 128 op, 588118300.00 ns, 4.5947 ms/op
WorkloadWarmup   2: 128 op, 588391700.00 ns, 4.5968 ms/op
WorkloadWarmup   3: 128 op, 589184700.00 ns, 4.6030 ms/op

// BeforeActualRun
WorkloadActual   1: 128 op, 589036000.00 ns, 4.6018 ms/op
WorkloadActual   2: 128 op, 588584000.00 ns, 4.5983 ms/op
WorkloadActual   3: 128 op, 587958200.00 ns, 4.5934 ms/op

// AfterActualRun
WorkloadResult   1: 128 op, 589035200.00 ns, 4.6018 ms/op
WorkloadResult   2: 128 op, 588583200.00 ns, 4.5983 ms/op
WorkloadResult   3: 128 op, 587957400.00 ns, 4.5934 ms/op
// GC:  15 15 15 51208512 128
// Threading:  0 0 128

// AfterAll
// Benchmark Process 26888 has exited with code 0.

Mean = 4.598 ms, StdErr = 0.002 ms (0.05%), N = 3, StdDev = 0.004 ms
Min = 4.593 ms, Q1 = 4.596 ms, Median = 4.598 ms, Q3 = 4.600 ms, Max = 4.602 ms
IQR = 0.004 ms, LowerFence = 4.590 ms, UpperFence = 4.606 ms
ConfidenceInterval = [4.521 ms; 4.675 ms] (CI 99.9%), Margin = 0.077 ms (1.68% of Mean)
Skewness = -0.11, Kurtosis = 0.67, MValue = 2

// ** Remained 1 (25.0%) benchmark(s) to run. Estimated finish 2026-06-05 18:28 (0h 0m from now) **
Setup power plan (GUID: 8c5e7fda-e8bf-4a96-9a85-a6e23a8c635c FriendlyName: High performance)
// **************************
// Benchmark: SortingBenchmarks.QuickSort: ShortRun(IterationCount=3, LaunchCount=1, WarmupCount=3) [N=100000]
// *** Execute ***
// Launch: 1 / 1
// Execute: dotnet 28c70f5c-abbd-44df-ba47-15bb395fb369.dll --anonymousPipes 624 1172 --benchmarkName "Benchmark.UseCases.Algorithms.Sorting.SortingBenchmarks.QuickSort(N: 100000)" --job ShortRun --benchmarkId 3 in C:\Users\victo\Git\IV\Benchmark\src\Benchmark.Cli\bin\Release\net9.0\28c70f5c-abbd-44df-ba47-15bb395fb369\bin\Release\net9.0
// BeforeAnythingElse

// Benchmark Process Environment Information:
// BenchmarkDotNet v0.14.0
// Runtime=.NET 9.0.14 (9.0.1426.11910), X64 RyuJIT AVX2
// GC=Concurrent Workstation
// HardwareIntrinsics=AVX2,AES,BMI1,BMI2,FMA,LZCNT,PCLMUL,POPCNT VectorSize=256
// Job: ShortRun(IterationCount=3, LaunchCount=1, WarmupCount=3)

OverheadJitting  1: 1 op, 213800.00 ns, 213.8000 us/op
WorkloadJitting  1: 1 op, 15267500.00 ns, 15.2675 ms/op

OverheadJitting  2: 16 op, 439100.00 ns, 27.4438 us/op
WorkloadJitting  2: 16 op, 149135200.00 ns, 9.3210 ms/op

WorkloadPilot    1: 16 op, 85457500.00 ns, 5.3411 ms/op
WorkloadPilot    2: 32 op, 172486500.00 ns, 5.3902 ms/op
WorkloadPilot    3: 64 op, 343617700.00 ns, 5.3690 ms/op
WorkloadPilot    4: 128 op, 686219800.00 ns, 5.3611 ms/op

OverheadWarmup   1: 128 op, 1900.00 ns, 14.8438 ns/op
OverheadWarmup   2: 128 op, 800.00 ns, 6.2500 ns/op
OverheadWarmup   3: 128 op, 800.00 ns, 6.2500 ns/op
OverheadWarmup   4: 128 op, 900.00 ns, 7.0313 ns/op
OverheadWarmup   5: 128 op, 800.00 ns, 6.2500 ns/op
OverheadWarmup   6: 128 op, 800.00 ns, 6.2500 ns/op

OverheadActual   1: 128 op, 800.00 ns, 6.2500 ns/op
OverheadActual   2: 128 op, 800.00 ns, 6.2500 ns/op
OverheadActual   3: 128 op, 1100.00 ns, 8.5938 ns/op
OverheadActual   4: 128 op, 800.00 ns, 6.2500 ns/op
OverheadActual   5: 128 op, 700.00 ns, 5.4688 ns/op
OverheadActual   6: 128 op, 900.00 ns, 7.0313 ns/op
OverheadActual   7: 128 op, 800.00 ns, 6.2500 ns/op
OverheadActual   8: 128 op, 700.00 ns, 5.4688 ns/op
OverheadActual   9: 128 op, 800.00 ns, 6.2500 ns/op
OverheadActual  10: 128 op, 900.00 ns, 7.0313 ns/op
OverheadActual  11: 128 op, 800.00 ns, 6.2500 ns/op
OverheadActual  12: 128 op, 900.00 ns, 7.0313 ns/op
OverheadActual  13: 128 op, 800.00 ns, 6.2500 ns/op
OverheadActual  14: 128 op, 900.00 ns, 7.0313 ns/op
OverheadActual  15: 128 op, 800.00 ns, 6.2500 ns/op
OverheadActual  16: 128 op, 800.00 ns, 6.2500 ns/op
OverheadActual  17: 128 op, 800.00 ns, 6.2500 ns/op
OverheadActual  18: 128 op, 900.00 ns, 7.0313 ns/op
OverheadActual  19: 128 op, 1400.00 ns, 10.9375 ns/op
OverheadActual  20: 128 op, 1000.00 ns, 7.8125 ns/op

WorkloadWarmup   1: 128 op, 691936700.00 ns, 5.4058 ms/op
WorkloadWarmup   2: 128 op, 686859100.00 ns, 5.3661 ms/op
WorkloadWarmup   3: 128 op, 687031500.00 ns, 5.3674 ms/op

// BeforeActualRun
WorkloadActual   1: 128 op, 692239000.00 ns, 5.4081 ms/op
WorkloadActual   2: 128 op, 686649200.00 ns, 5.3644 ms/op
WorkloadActual   3: 128 op, 685500400.00 ns, 5.3555 ms/op

// AfterActualRun
WorkloadResult   1: 128 op, 692238200.00 ns, 5.4081 ms/op
WorkloadResult   2: 128 op, 686648400.00 ns, 5.3644 ms/op
WorkloadResult   3: 128 op, 685499600.00 ns, 5.3555 ms/op
// GC:  15 15 15 51208512 128
// Threading:  0 0 128

// AfterAll
// Benchmark Process 23832 has exited with code 0.

Mean = 5.376 ms, StdErr = 0.016 ms (0.30%), N = 3, StdDev = 0.028 ms
Min = 5.355 ms, Q1 = 5.360 ms, Median = 5.364 ms, Q3 = 5.386 ms, Max = 5.408 ms
IQR = 0.026 ms, LowerFence = 5.320 ms, UpperFence = 5.426 ms
ConfidenceInterval = [4.862 ms; 5.890 ms] (CI 99.9%), Margin = 0.514 ms (9.56% of Mean)
Skewness = 0.34, Kurtosis = 0.67, MValue = 2

// ** Remained 0 (0.0%) benchmark(s) to run. Estimated finish 2026-06-05 18:28 (0h 0m from now) **
Successfully reverted power plan (GUID: 8c5e7fda-e8bf-4a96-9a85-a6e23a8c635c FriendlyName: High performance)
// ***** BenchmarkRunner: Finish  *****

// * Export *
  BenchmarkDotNet.Artifacts\results\Benchmark.UseCases.Algorithms.Sorting.SortingBenchmarks-report.csv
  BenchmarkDotNet.Artifacts\results\Benchmark.UseCases.Algorithms.Sorting.SortingBenchmarks-report-github.md
  BenchmarkDotNet.Artifacts\results\Benchmark.UseCases.Algorithms.Sorting.SortingBenchmarks-report.html

// * Detailed results *
SortingBenchmarks.ArraySort: ShortRun(IterationCount=3, LaunchCount=1, WarmupCount=3) [N=10000]
Runtime = .NET 9.0.14 (9.0.1426.11910), X64 RyuJIT AVX2; GC = Concurrent Workstation
Mean = 375.392 μs, StdErr = 9.772 μs (2.60%), N = 3, StdDev = 16.926 μs
Min = 363.771 μs, Q1 = 365.682 μs, Median = 367.593 μs, Q3 = 381.202 μs, Max = 394.811 μs
IQR = 15.520 μs, LowerFence = 342.403 μs, UpperFence = 404.482 μs
ConfidenceInterval = [66.603 μs; 684.181 μs] (CI 99.9%), Margin = 308.789 μs (82.26% of Mean)
Skewness = 0.36, Kurtosis = 0.67, MValue = 2
-------------------- Histogram --------------------
[348.368 μs ; 381.085 μs) | @@
[381.085 μs ; 410.214 μs) | @
---------------------------------------------------

SortingBenchmarks.QuickSort: ShortRun(IterationCount=3, LaunchCount=1, WarmupCount=3) [N=10000]
Runtime = .NET 9.0.14 (9.0.1426.11910), X64 RyuJIT AVX2; GC = Concurrent Workstation
Mean = 420.963 μs, StdErr = 1.261 μs (0.30%), N = 3, StdDev = 2.184 μs
Min = 418.763 μs, Q1 = 419.879 μs, Median = 420.996 μs, Q3 = 422.063 μs, Max = 423.131 μs
IQR = 2.184 μs, LowerFence = 416.604 μs, UpperFence = 425.338 μs
ConfidenceInterval = [381.123 μs; 460.803 μs] (CI 99.9%), Margin = 39.840 μs (9.46% of Mean)
Skewness = -0.01, Kurtosis = 0.67, MValue = 2
-------------------- Histogram --------------------
[416.776 μs ; 425.118 μs) | @@@
---------------------------------------------------

SortingBenchmarks.ArraySort: ShortRun(IterationCount=3, LaunchCount=1, WarmupCount=3) [N=100000]
Runtime = .NET 9.0.14 (9.0.1426.11910), X64 RyuJIT AVX2; GC = Concurrent Workstation
Mean = 4.598 ms, StdErr = 0.002 ms (0.05%), N = 3, StdDev = 0.004 ms
Min = 4.593 ms, Q1 = 4.596 ms, Median = 4.598 ms, Q3 = 4.600 ms, Max = 4.602 ms
IQR = 0.004 ms, LowerFence = 4.590 ms, UpperFence = 4.606 ms
ConfidenceInterval = [4.521 ms; 4.675 ms] (CI 99.9%), Margin = 0.077 ms (1.68% of Mean)
Skewness = -0.11, Kurtosis = 0.67, MValue = 2
-------------------- Histogram --------------------
[4.590 ms ; 4.606 ms) | @@@
---------------------------------------------------

SortingBenchmarks.QuickSort: ShortRun(IterationCount=3, LaunchCount=1, WarmupCount=3) [N=100000]
Runtime = .NET 9.0.14 (9.0.1426.11910), X64 RyuJIT AVX2; GC = Concurrent Workstation
Mean = 5.376 ms, StdErr = 0.016 ms (0.30%), N = 3, StdDev = 0.028 ms
Min = 5.355 ms, Q1 = 5.360 ms, Median = 5.364 ms, Q3 = 5.386 ms, Max = 5.408 ms
IQR = 0.026 ms, LowerFence = 5.320 ms, UpperFence = 5.426 ms
ConfidenceInterval = [4.862 ms; 5.890 ms] (CI 99.9%), Margin = 0.514 ms (9.56% of Mean)
Skewness = 0.34, Kurtosis = 0.67, MValue = 2
-------------------- Histogram --------------------
[5.330 ms ; 5.434 ms) | @@@
---------------------------------------------------

// * Summary *

BenchmarkDotNet v0.14.0, Windows 11 (10.0.22000.2538/21H2/SunValley)
Intel Core i7-9700K CPU 3.60GHz (Coffee Lake), 1 CPU, 8 logical and 8 physical cores
.NET SDK 9.0.312
  [Host]   : .NET 9.0.14 (9.0.1426.11910), X64 RyuJIT AVX2
  ShortRun : .NET 9.0.14 (9.0.1426.11910), X64 RyuJIT AVX2

Job=ShortRun  IterationCount=3  LaunchCount=1  
WarmupCount=3  

| Method    | N      | Mean       | Error     | StdDev   | Ratio | RatioSD | Gen0     | Gen1     | Gen2     | Allocated | Alloc Ratio |
|---------- |------- |-----------:|----------:|---------:|------:|--------:|---------:|---------:|---------:|----------:|------------:|
| ArraySort | 10000  |   375.4 μs | 308.79 μs | 16.93 μs |  1.00 |    0.05 |   5.8594 |        - |        - |  39.09 KB |        1.00 |
| QuickSort | 10000  |   421.0 μs |  39.84 μs |  2.18 μs |  1.12 |    0.04 |   5.8594 |        - |        - |  39.09 KB |        1.00 |
|           |        |            |           |          |       |         |          |          |          |           |             |
| ArraySort | 100000 | 4,597.9 μs |  77.14 μs |  4.23 μs |  1.00 |    0.00 | 117.1875 | 117.1875 | 117.1875 | 390.69 KB |        1.00 |
| QuickSort | 100000 | 5,376.0 μs | 513.81 μs | 28.16 μs |  1.17 |    0.01 | 117.1875 | 117.1875 | 117.1875 | 390.69 KB |        1.00 |

// * Legends *
  N           : Value of the 'N' parameter
  Mean        : Arithmetic mean of all measurements
  Error       : Half of 99.9% confidence interval
  StdDev      : Standard deviation of all measurements
  Ratio       : Mean of the ratio distribution ([Current]/[Baseline])
  RatioSD     : Standard deviation of the ratio distribution ([Current]/[Baseline])
  Gen0        : GC Generation 0 collects per 1000 operations
  Gen1        : GC Generation 1 collects per 1000 operations
  Gen2        : GC Generation 2 collects per 1000 operations
  Allocated   : Allocated memory per single operation (managed only, inclusive, 1KB = 1024B)
  Alloc Ratio : Allocated memory ratio distribution ([Current]/[Baseline])
  1 μs        : 1 Microsecond (0.000001 sec)

// * Diagnostic Output - MemoryDiagnoser *


// ***** BenchmarkRunner: End *****
Run time: 00:00:27 (27.21 sec), executed benchmarks: 4

Global total time: 00:00:36 (36.19 sec), executed benchmarks: 4
// * Artifacts cleanup *
Artifacts cleanup is finished
